// Jest Snapshot v1, https://goo.gl/fbAQLP

exports[`AFlexContainer snapshot 1`] = `
<div>
  <div
    class="sc-bcXHqe jVDBIf"
  >
    CHILD
  </div>
</div>
`;
