// Jest Snapshot v1, https://goo.gl/fbAQLP

exports[`AButton snapshot 1`] = `
<button
  class="sc-bcXHqe fgmgRd"
  type="button"
>
  Button
</button>
`;
